{"type":"server-started","port":64148,"host":"127.0.0.1","url_host":"localhost","url":"http://localhost:64148","screen_dir":"/Users/jasonobrien/Documents/MayHem Tracker/.superpowers/brainstorm/95652-1778699121/content","state_dir":"/Users/jasonobrien/Documents/MayHem Tracker/.superpowers/brainstorm/95652-1778699121/state"}
{"type":"screen-added","file":"/Users/jasonobrien/Documents/MayHem Tracker/.superpowers/brainstorm/95652-1778699121/content/design-directions.html"}
{"type":"screen-updated","file":"/Users/jasonobrien/Documents/MayHem Tracker/.superpowers/brainstorm/95652-1778699121/content/design-directions.html"}
{"type":"screen-updated","file":"/Users/jasonobrien/Documents/MayHem Tracker/.superpowers/brainstorm/95652-1778699121/content/design-directions.html"}
{"type":"screen-updated","file":"/Users/jasonobrien/Documents/MayHem Tracker/.superpowers/brainstorm/95652-1778699121/content/design-directions.html"}
{"source":"user-event","type":"click","text":"C\n    \n      Refined & Premium\n      Sophisticated dashboard feel like luxury/financial UI. Gold used sparingly for elegance.\n      \n        Elegant typography & spacing\n        Subtle gradients & shadows\n        Card-based, organized layouts","choice":"refined","id":null,"timestamp":1778699144227}
{"type":"screen-added","file":"/Users/jasonobrien/Documents/MayHem Tracker/.superpowers/brainstorm/95652-1778699121/content/leaderboard-elements.html"}
{"type":"screen-updated","file":"/Users/jasonobrien/Documents/MayHem Tracker/.superpowers/brainstorm/95652-1778699121/content/leaderboard-elements.html"}
{"type":"screen-updated","file":"/Users/jasonobrien/Documents/MayHem Tracker/.superpowers/brainstorm/95652-1778699121/content/leaderboard-elements.html"}
{"type":"screen-updated","file":"/Users/jasonobrien/Documents/MayHem Tracker/.superpowers/brainstorm/95652-1778699121/content/leaderboard-elements.html"}
{"source":"user-event","type":"click","text":"C\n    \n      Streaks + Conversion Leader + Pace\n      Shows: Everything above, plus special badges (conversion king, MVP, pace threats)\n      \n        ProsMultiple ways to compete & winRecognizes different achievementsMost gamified feel\n        ConsVisually denseRisk of looking cluttered","choice":"rich-badges","id":null,"timestamp":1778699270300}
{"type":"screen-added","file":"/Users/jasonobrien/Documents/MayHem Tracker/.superpowers/brainstorm/95652-1778699121/content/system-approaches.html"}
{"type":"screen-updated","file":"/Users/jasonobrien/Documents/MayHem Tracker/.superpowers/brainstorm/95652-1778699121/content/system-approaches.html"}
{"type":"screen-updated","file":"/Users/jasonobrien/Documents/MayHem Tracker/.superpowers/brainstorm/95652-1778699121/content/system-approaches.html"}
{"type":"screen-updated","file":"/Users/jasonobrien/Documents/MayHem Tracker/.superpowers/brainstorm/95652-1778699121/content/system-approaches.html"}
{"source":"user-event","type":"click","text":"STACKED ELEGANT\n      Leaderboard Row\n      \n        \n          #1 🎯 Jason O'Brien\n          🔥 6\n        \n        \n          32 attempts · 4 leads\n          12.5%\n        \n        \n          On pace\n          MVP\n        \n      \n    \n    \n      Stacked Elegant\n      Vertical hierarchy: name & streak top, stats middle, badges bottom. Refined spacing. Gold accent border on left.\n      \n        Most premium feeling\n        Clear visual hierarchy\n        Scalable to any content","choice":"stacked-elegant","id":null,"timestamp":1778699421040}
{"type":"screen-added","file":"/Users/jasonobrien/Documents/MayHem Tracker/.superpowers/brainstorm/95652-1778699121/content/full-design-mockup.html"}
{"type":"screen-updated","file":"/Users/jasonobrien/Documents/MayHem Tracker/.superpowers/brainstorm/95652-1778699121/content/full-design-mockup.html"}
{"type":"screen-updated","file":"/Users/jasonobrien/Documents/MayHem Tracker/.superpowers/brainstorm/95652-1778699121/content/full-design-mockup.html"}
{"type":"screen-updated","file":"/Users/jasonobrien/Documents/MayHem Tracker/.superpowers/brainstorm/95652-1778699121/content/full-design-mockup.html"}
{"type":"screen-added","file":"/Users/jasonobrien/Documents/MayHem Tracker/.superpowers/brainstorm/95652-1778699121/content/logging-flow.html"}
{"type":"screen-updated","file":"/Users/jasonobrien/Documents/MayHem Tracker/.superpowers/brainstorm/95652-1778699121/content/logging-flow.html"}
{"type":"screen-updated","file":"/Users/jasonobrien/Documents/MayHem Tracker/.superpowers/brainstorm/95652-1778699121/content/logging-flow.html"}
{"type":"screen-added","file":"/Users/jasonobrien/Documents/MayHem Tracker/.superpowers/brainstorm/95652-1778699121/content/final-design.html"}
{"type":"screen-updated","file":"/Users/jasonobrien/Documents/MayHem Tracker/.superpowers/brainstorm/95652-1778699121/content/final-design.html"}
{"type":"screen-updated","file":"/Users/jasonobrien/Documents/MayHem Tracker/.superpowers/brainstorm/95652-1778699121/content/final-design.html"}
{"type":"screen-updated","file":"/Users/jasonobrien/Documents/MayHem Tracker/.superpowers/brainstorm/95652-1778699121/content/final-design.html"}
